// Jest Snapshot v1, https://goo.gl/fbAQLP

exports[`LapList Component matches snapshot 1`] = `
<DocumentFragment>
  <div
    class="lapList dark"
  >
    <div
      animate="[object Object]"
      class="lap fastest"
      exit="[object Object]"
      initial="[object Object]"
      transition="[object Object]"
    >
      <div
        class="lapLabel"
      >
        Lap 3
      </div>
      <div
        class="lapTime"
      >
        01:23.45
      </div>
      <div
        class="lapDelta"
      >
        +01:23.45
      </div>
    </div>
    <div
      animate="[object Object]"
      class="lap slowest"
      exit="[object Object]"
      initial="[object Object]"
      transition="[object Object]"
    >
      <div
        class="lapLabel"
      >
        Lap 2
      </div>
      <div
        class="lapTime"
      >
        01:23.45
      </div>
      <div
        class="lapDelta"
      >
        +01:23.45
      </div>
    </div>
    <div
      animate="[object Object]"
      class="lap slowest"
      exit="[object Object]"
      initial="[object Object]"
      transition="[object Object]"
    >
      <div
        class="lapLabel"
      >
        Lap 1
      </div>
      <div
        class="lapTime"
      >
        01:23.45
      </div>
      <div
        class="lapDelta"
      >
        +01:23.45
      </div>
    </div>
  </div>
</DocumentFragment>
`;
